
> eliteticketpass-frontend@0.1.0 build
> next build

  ▲ Next.js 14.2.3
  - Environments: .env.local

   Creating an optimized production build ...
 ✓ Compiled successfully
   Linting and checking validity of types ...
   Collecting page data ...
   Generating static pages (0/38) ...
 ⚠ metadataBase property in metadata export is not set for resolving social open graph or twitter images, using "http://localhost:3000". See https://nextjs.org/docs/app/api-reference/functions/generate-metadata#metadatabase
 ⚠ Unsupported metadata themeColor is configured in metadata export in /admin/audit-logs. Please move it to viewport export instead.
Read more: https://nextjs.org/docs/app/api-reference/functions/generate-viewport
 ⚠ Unsupported metadata themeColor is configured in metadata export in /admin/audit-logs. Please move it to viewport export instead.
Read more: https://nextjs.org/docs/app/api-reference/functions/generate-viewport
 ⚠ metadataBase property in metadata export is not set for resolving social open graph or twitter images, using "http://localhost:3000". See https://nextjs.org/docs/app/api-reference/functions/generate-metadata#metadatabase
 ⚠ Unsupported metadata themeColor is configured in metadata export in /. Please move it to viewport export instead.
Read more: https://nextjs.org/docs/app/api-reference/functions/generate-viewport
 ⚠ Unsupported metadata themeColor is configured in metadata export in /. Please move it to viewport export instead.
Read more: https://nextjs.org/docs/app/api-reference/functions/generate-viewport
 ⚠ metadataBase property in metadata export is not set for resolving social open graph or twitter images, using "http://localhost:3000". See https://nextjs.org/docs/app/api-reference/functions/generate-metadata#metadatabase
 ⚠ Unsupported metadata themeColor is configured in metadata export in /events. Please move it to viewport export instead.
Read more: https://nextjs.org/docs/app/api-reference/functions/generate-viewport
 ⚠ Unsupported metadata themeColor is configured in metadata export in /events. Please move it to viewport export instead.
Read more: https://nextjs.org/docs/app/api-reference/functions/generate-viewport
 ⨯ useSearchParams() should be wrapped in a suspense boundary at page "/events". Read more: https://nextjs.org/docs/messages/missing-suspense-with-csr-bailout
    at o (/home/scriptsorcerer/Downloads/TicketBase/frontend/.next/server/chunks/3467.js:1:10498)
    at c (/home/scriptsorcerer/Downloads/TicketBase/frontend/.next/server/chunks/3467.js:1:21495)
    at g (/home/scriptsorcerer/Downloads/TicketBase/frontend/.next/server/app/(public)/events/page.js:6:829)
    at nj (/home/scriptsorcerer/Downloads/TicketBase/frontend/node_modules/next/dist/compiled/next-server/app-page.runtime.prod.js:12:46251)
    at nM (/home/scriptsorcerer/Downloads/TicketBase/frontend/node_modules/next/dist/compiled/next-server/app-page.runtime.prod.js:12:47571)
    at nN (/home/scriptsorcerer/Downloads/TicketBase/frontend/node_modules/next/dist/compiled/next-server/app-page.runtime.prod.js:12:64546)
    at nI (/home/scriptsorcerer/Downloads/TicketBase/frontend/node_modules/next/dist/compiled/next-server/app-page.runtime.prod.js:12:47010)
    at nM (/home/scriptsorcerer/Downloads/TicketBase/frontend/node_modules/next/dist/compiled/next-server/app-page.runtime.prod.js:12:47717)
    at nM (/home/scriptsorcerer/Downloads/TicketBase/frontend/node_modules/next/dist/compiled/next-server/app-page.runtime.prod.js:12:61546)
    at nN (/home/scriptsorcerer/Downloads/TicketBase/frontend/node_modules/next/dist/compiled/next-server/app-page.runtime.prod.js:12:64546)

Error occurred prerendering page "/events". Read more: https://nextjs.org/docs/messages/prerender-error

 ⚠ Unsupported metadata themeColor is configured in metadata export in /admin/analytics. Please move it to viewport export instead.
Read more: https://nextjs.org/docs/app/api-reference/functions/generate-viewport
 ⚠ Unsupported metadata themeColor is configured in metadata export in /admin/analytics. Please move it to viewport export instead.
Read more: https://nextjs.org/docs/app/api-reference/functions/generate-viewport
 ⚠ Unsupported metadata themeColor is configured in metadata export in /admin/events. Please move it to viewport export instead.
Read more: https://nextjs.org/docs/app/api-reference/functions/generate-viewport
 ⚠ Unsupported metadata themeColor is configured in metadata export in /admin/events. Please move it to viewport export instead.
Read more: https://nextjs.org/docs/app/api-reference/functions/generate-viewport
 ⚠ Unsupported metadata themeColor is configured in metadata export in /admin/config. Please move it to viewport export instead.
Read more: https://nextjs.org/docs/app/api-reference/functions/generate-viewport
 ⚠ Unsupported metadata themeColor is configured in metadata export in /admin/config. Please move it to viewport export instead.
Read more: https://nextjs.org/docs/app/api-reference/functions/generate-viewport
 ⚠ Unsupported metadata themeColor is configured in metadata export in /admin/payments. Please move it to viewport export instead.
Read more: https://nextjs.org/docs/app/api-reference/functions/generate-viewport
 ⚠ Unsupported metadata themeColor is configured in metadata export in /admin/payments. Please move it to viewport export instead.
Read more: https://nextjs.org/docs/app/api-reference/functions/generate-viewport
 ⚠ Unsupported metadata themeColor is configured in metadata export in /admin/organizers. Please move it to viewport export instead.
Read more: https://nextjs.org/docs/app/api-reference/functions/generate-viewport
 ⚠ Unsupported metadata themeColor is configured in metadata export in /admin/organizers. Please move it to viewport export instead.
Read more: https://nextjs.org/docs/app/api-reference/functions/generate-viewport
 ⚠ Unsupported metadata themeColor is configured in metadata export in /admin. Please move it to viewport export instead.
Read more: https://nextjs.org/docs/app/api-reference/functions/generate-viewport
 ⚠ Unsupported metadata themeColor is configured in metadata export in /admin. Please move it to viewport export instead.
Read more: https://nextjs.org/docs/app/api-reference/functions/generate-viewport
   Generating static pages (9/38) 
 ⚠ Unsupported metadata themeColor is configured in metadata export in /admin/payouts. Please move it to viewport export instead.
Read more: https://nextjs.org/docs/app/api-reference/functions/generate-viewport
 ⚠ Unsupported metadata themeColor is configured in metadata export in /admin/payouts. Please move it to viewport export instead.
Read more: https://nextjs.org/docs/app/api-reference/functions/generate-viewport
 ⚠ Unsupported metadata themeColor is configured in metadata export in /admin/refunds. Please move it to viewport export instead.
Read more: https://nextjs.org/docs/app/api-reference/functions/generate-viewport
 ⚠ Unsupported metadata themeColor is configured in metadata export in /admin/refunds. Please move it to viewport export instead.
Read more: https://nextjs.org/docs/app/api-reference/functions/generate-viewport
 ⚠ Unsupported metadata themeColor is configured in metadata export in /admin/reports. Please move it to viewport export instead.
Read more: https://nextjs.org/docs/app/api-reference/functions/generate-viewport
 ⚠ Unsupported metadata themeColor is configured in metadata export in /admin/users. Please move it to viewport export instead.
Read more: https://nextjs.org/docs/app/api-reference/functions/generate-viewport
 ⚠ Unsupported metadata themeColor is configured in metadata export in /admin/users. Please move it to viewport export instead.
Read more: https://nextjs.org/docs/app/api-reference/functions/generate-viewport
 ⚠ Unsupported metadata themeColor is configured in metadata export in /auth/login. Please move it to viewport export instead.
Read more: https://nextjs.org/docs/app/api-reference/functions/generate-viewport
 ⚠ Unsupported metadata themeColor is configured in metadata export in /auth/login. Please move it to viewport export instead.
Read more: https://nextjs.org/docs/app/api-reference/functions/generate-viewport
 ⨯ useSearchParams() should be wrapped in a suspense boundary at page "/auth/login". Read more: https://nextjs.org/docs/messages/missing-suspense-with-csr-bailout
    at o (/home/scriptsorcerer/Downloads/TicketBase/frontend/.next/server/chunks/3467.js:1:10498)
    at c (/home/scriptsorcerer/Downloads/TicketBase/frontend/.next/server/chunks/3467.js:1:21495)
    at j (/home/scriptsorcerer/Downloads/TicketBase/frontend/.next/server/app/auth/login/page.js:6:1123)
    at nj (/home/scriptsorcerer/Downloads/TicketBase/frontend/node_modules/next/dist/compiled/next-server/app-page.runtime.prod.js:12:46251)
    at nM (/home/scriptsorcerer/Downloads/TicketBase/frontend/node_modules/next/dist/compiled/next-server/app-page.runtime.prod.js:12:47571)
    at nN (/home/scriptsorcerer/Downloads/TicketBase/frontend/node_modules/next/dist/compiled/next-server/app-page.runtime.prod.js:12:64546)
    at nI (/home/scriptsorcerer/Downloads/TicketBase/frontend/node_modules/next/dist/compiled/next-server/app-page.runtime.prod.js:12:47010)
    at nM (/home/scriptsorcerer/Downloads/TicketBase/frontend/node_modules/next/dist/compiled/next-server/app-page.runtime.prod.js:12:47717)
    at nM (/home/scriptsorcerer/Downloads/TicketBase/frontend/node_modules/next/dist/compiled/next-server/app-page.runtime.prod.js:12:61546)
    at nN (/home/scriptsorcerer/Downloads/TicketBase/frontend/node_modules/next/dist/compiled/next-server/app-page.runtime.prod.js:12:64546)

Error occurred prerendering page "/auth/login". Read more: https://nextjs.org/docs/messages/prerender-error

 ⚠ Unsupported metadata themeColor is configured in metadata export in /admin/reports. Please move it to viewport export instead.
Read more: https://nextjs.org/docs/app/api-reference/functions/generate-viewport
 ⚠ Unsupported metadata themeColor is configured in metadata export in /auth/magic-link. Please move it to viewport export instead.
Read more: https://nextjs.org/docs/app/api-reference/functions/generate-viewport
 ⚠ Unsupported metadata themeColor is configured in metadata export in /auth/magic-link. Please move it to viewport export instead.
Read more: https://nextjs.org/docs/app/api-reference/functions/generate-viewport
 ⚠ Unsupported metadata themeColor is configured in metadata export in /auth/register. Please move it to viewport export instead.
Read more: https://nextjs.org/docs/app/api-reference/functions/generate-viewport
 ⚠ Unsupported metadata themeColor is configured in metadata export in /auth/register. Please move it to viewport export instead.
Read more: https://nextjs.org/docs/app/api-reference/functions/generate-viewport
 ⨯ useSearchParams() should be wrapped in a suspense boundary at page "/auth/register". Read more: https://nextjs.org/docs/messages/missing-suspense-with-csr-bailout
    at o (/home/scriptsorcerer/Downloads/TicketBase/frontend/.next/server/chunks/3467.js:1:10498)
    at c (/home/scriptsorcerer/Downloads/TicketBase/frontend/.next/server/chunks/3467.js:1:21495)
    at b (/home/scriptsorcerer/Downloads/TicketBase/frontend/.next/server/app/auth/register/page.js:1:2931)
    at nj (/home/scriptsorcerer/Downloads/TicketBase/frontend/node_modules/next/dist/compiled/next-server/app-page.runtime.prod.js:12:46251)
    at nM (/home/scriptsorcerer/Downloads/TicketBase/frontend/node_modules/next/dist/compiled/next-server/app-page.runtime.prod.js:12:47571)
    at nN (/home/scriptsorcerer/Downloads/TicketBase/frontend/node_modules/next/dist/compiled/next-server/app-page.runtime.prod.js:12:64546)
    at nI (/home/scriptsorcerer/Downloads/TicketBase/frontend/node_modules/next/dist/compiled/next-server/app-page.runtime.prod.js:12:47010)
    at nM (/home/scriptsorcerer/Downloads/TicketBase/frontend/node_modules/next/dist/compiled/next-server/app-page.runtime.prod.js:12:47717)
    at nM (/home/scriptsorcerer/Downloads/TicketBase/frontend/node_modules/next/dist/compiled/next-server/app-page.runtime.prod.js:12:61546)
    at nN (/home/scriptsorcerer/Downloads/TicketBase/frontend/node_modules/next/dist/compiled/next-server/app-page.runtime.prod.js:12:64546)

Error occurred prerendering page "/auth/register". Read more: https://nextjs.org/docs/messages/prerender-error

   Generating static pages (18/38) 
 ⚠ Unsupported metadata themeColor is configured in metadata export in /dashboard/analytics. Please move it to viewport export instead.
Read more: https://nextjs.org/docs/app/api-reference/functions/generate-viewport
 ⚠ Unsupported metadata themeColor is configured in metadata export in /dashboard/communications. Please move it to viewport export instead.
Read more: https://nextjs.org/docs/app/api-reference/functions/generate-viewport
 ⚠ Unsupported metadata themeColor is configured in metadata export in /dashboard/communications. Please move it to viewport export instead.
Read more: https://nextjs.org/docs/app/api-reference/functions/generate-viewport
 ⚠ Unsupported metadata themeColor is configured in metadata export in /checkout. Please move it to viewport export instead.
Read more: https://nextjs.org/docs/app/api-reference/functions/generate-viewport
 ⚠ Unsupported metadata themeColor is configured in metadata export in /checkout. Please move it to viewport export instead.
Read more: https://nextjs.org/docs/app/api-reference/functions/generate-viewport
 ⨯ useSearchParams() should be wrapped in a suspense boundary at page "/checkout". Read more: https://nextjs.org/docs/messages/missing-suspense-with-csr-bailout
    at o (/home/scriptsorcerer/Downloads/TicketBase/frontend/.next/server/chunks/3467.js:1:10498)
    at c (/home/scriptsorcerer/Downloads/TicketBase/frontend/.next/server/chunks/3467.js:1:21495)
    at O (/home/scriptsorcerer/Downloads/TicketBase/frontend/.next/server/app/checkout/page.js:21:14559)
    at nj (/home/scriptsorcerer/Downloads/TicketBase/frontend/node_modules/next/dist/compiled/next-server/app-page.runtime.prod.js:12:46251)
    at nM (/home/scriptsorcerer/Downloads/TicketBase/frontend/node_modules/next/dist/compiled/next-server/app-page.runtime.prod.js:12:47571)
    at nN (/home/scriptsorcerer/Downloads/TicketBase/frontend/node_modules/next/dist/compiled/next-server/app-page.runtime.prod.js:12:64546)
    at nI (/home/scriptsorcerer/Downloads/TicketBase/frontend/node_modules/next/dist/compiled/next-server/app-page.runtime.prod.js:12:47010)
    at nM (/home/scriptsorcerer/Downloads/TicketBase/frontend/node_modules/next/dist/compiled/next-server/app-page.runtime.prod.js:12:47717)
    at nM (/home/scriptsorcerer/Downloads/TicketBase/frontend/node_modules/next/dist/compiled/next-server/app-page.runtime.prod.js:12:61546)
    at nN (/home/scriptsorcerer/Downloads/TicketBase/frontend/node_modules/next/dist/compiled/next-server/app-page.runtime.prod.js:12:64546)

Error occurred prerendering page "/checkout". Read more: https://nextjs.org/docs/messages/prerender-error

 ⚠ Unsupported metadata themeColor is configured in metadata export in /_not-found. Please move it to viewport export instead.
Read more: https://nextjs.org/docs/app/api-reference/functions/generate-viewport
 ⚠ Unsupported metadata themeColor is configured in metadata export in /_not-found. Please move it to viewport export instead.
Read more: https://nextjs.org/docs/app/api-reference/functions/generate-viewport
 ⚠ Unsupported metadata themeColor is configured in metadata export in /dashboard/events/new. Please move it to viewport export instead.
Read more: https://nextjs.org/docs/app/api-reference/functions/generate-viewport
 ⚠ Unsupported metadata themeColor is configured in metadata export in /dashboard/events/new. Please move it to viewport export instead.
Read more: https://nextjs.org/docs/app/api-reference/functions/generate-viewport
 ⚠ Unsupported metadata themeColor is configured in metadata export in /dashboard/analytics. Please move it to viewport export instead.
Read more: https://nextjs.org/docs/app/api-reference/functions/generate-viewport
 ⚠ Unsupported metadata themeColor is configured in metadata export in /dashboard. Please move it to viewport export instead.
Read more: https://nextjs.org/docs/app/api-reference/functions/generate-viewport
 ⚠ Unsupported metadata themeColor is configured in metadata export in /dashboard. Please move it to viewport export instead.
Read more: https://nextjs.org/docs/app/api-reference/functions/generate-viewport
 ⚠ Unsupported metadata themeColor is configured in metadata export in /dashboard/events. Please move it to viewport export instead.
Read more: https://nextjs.org/docs/app/api-reference/functions/generate-viewport
 ⚠ Unsupported metadata themeColor is configured in metadata export in /dashboard/events. Please move it to viewport export instead.
Read more: https://nextjs.org/docs/app/api-reference/functions/generate-viewport
 ⚠ Unsupported metadata themeColor is configured in metadata export in /dashboard/organizer/payout-settings. Please move it to viewport export instead.
Read more: https://nextjs.org/docs/app/api-reference/functions/generate-viewport
 ⚠ Unsupported metadata themeColor is configured in metadata export in /dashboard/organizer/payout-settings. Please move it to viewport export instead.
Read more: https://nextjs.org/docs/app/api-reference/functions/generate-viewport
 ⚠ Unsupported metadata themeColor is configured in metadata export in /dashboard/promos. Please move it to viewport export instead.
Read more: https://nextjs.org/docs/app/api-reference/functions/generate-viewport
 ⚠ Unsupported metadata themeColor is configured in metadata export in /dashboard/promos. Please move it to viewport export instead.
Read more: https://nextjs.org/docs/app/api-reference/functions/generate-viewport
 ⚠ Unsupported metadata themeColor is configured in metadata export in /dashboard/payouts. Please move it to viewport export instead.
Read more: https://nextjs.org/docs/app/api-reference/functions/generate-viewport
 ⚠ Unsupported metadata themeColor is configured in metadata export in /dashboard/revenue. Please move it to viewport export instead.
Read more: https://nextjs.org/docs/app/api-reference/functions/generate-viewport
 ⚠ Unsupported metadata themeColor is configured in metadata export in /dashboard/revenue. Please move it to viewport export instead.
Read more: https://nextjs.org/docs/app/api-reference/functions/generate-viewport
   Generating static pages (28/38) 
 ⚠ Unsupported metadata themeColor is configured in metadata export in /dashboard/payouts. Please move it to viewport export instead.
Read more: https://nextjs.org/docs/app/api-reference/functions/generate-viewport
 ⚠ Unsupported metadata themeColor is configured in metadata export in /dashboard/settings. Please move it to viewport export instead.
Read more: https://nextjs.org/docs/app/api-reference/functions/generate-viewport
 ⚠ Unsupported metadata themeColor is configured in metadata export in /dashboard/settings. Please move it to viewport export instead.
Read more: https://nextjs.org/docs/app/api-reference/functions/generate-viewport
 ⚠ Unsupported metadata themeColor is configured in metadata export in /profile/following. Please move it to viewport export instead.
Read more: https://nextjs.org/docs/app/api-reference/functions/generate-viewport
 ⚠ Unsupported metadata themeColor is configured in metadata export in /profile/following. Please move it to viewport export instead.
Read more: https://nextjs.org/docs/app/api-reference/functions/generate-viewport
 ⚠ Unsupported metadata themeColor is configured in metadata export in /profile/orders. Please move it to viewport export instead.
Read more: https://nextjs.org/docs/app/api-reference/functions/generate-viewport
 ⚠ Unsupported metadata themeColor is configured in metadata export in /profile/orders. Please move it to viewport export instead.
Read more: https://nextjs.org/docs/app/api-reference/functions/generate-viewport
 ⚠ Unsupported metadata themeColor is configured in metadata export in /profile/notifications. Please move it to viewport export instead.
Read more: https://nextjs.org/docs/app/api-reference/functions/generate-viewport
 ⚠ Unsupported metadata themeColor is configured in metadata export in /profile/notifications. Please move it to viewport export instead.
Read more: https://nextjs.org/docs/app/api-reference/functions/generate-viewport
 ⚠ Unsupported metadata themeColor is configured in metadata export in /profile. Please move it to viewport export instead.
Read more: https://nextjs.org/docs/app/api-reference/functions/generate-viewport
 ⚠ Unsupported metadata themeColor is configured in metadata export in /profile. Please move it to viewport export instead.
Read more: https://nextjs.org/docs/app/api-reference/functions/generate-viewport
 ⚠ Unsupported metadata themeColor is configured in metadata export in /profile/saved. Please move it to viewport export instead.
Read more: https://nextjs.org/docs/app/api-reference/functions/generate-viewport
 ⚠ Unsupported metadata themeColor is configured in metadata export in /profile/saved. Please move it to viewport export instead.
Read more: https://nextjs.org/docs/app/api-reference/functions/generate-viewport
 ⚠ Unsupported metadata themeColor is configured in metadata export in /profile/security. Please move it to viewport export instead.
Read more: https://nextjs.org/docs/app/api-reference/functions/generate-viewport
 ⚠ Unsupported metadata themeColor is configured in metadata export in /profile/security. Please move it to viewport export instead.
Read more: https://nextjs.org/docs/app/api-reference/functions/generate-viewport
 ⚠ Unsupported metadata themeColor is configured in metadata export in /profile/tickets. Please move it to viewport export instead.
Read more: https://nextjs.org/docs/app/api-reference/functions/generate-viewport
 ⚠ Unsupported metadata themeColor is configured in metadata export in /profile/tickets. Please move it to viewport export instead.
Read more: https://nextjs.org/docs/app/api-reference/functions/generate-viewport
 ⚠ Unsupported metadata themeColor is configured in metadata export in /tickets/transfer. Please move it to viewport export instead.
Read more: https://nextjs.org/docs/app/api-reference/functions/generate-viewport
 ⚠ Unsupported metadata themeColor is configured in metadata export in /tickets/transfer. Please move it to viewport export instead.
Read more: https://nextjs.org/docs/app/api-reference/functions/generate-viewport
 ✓ Generating static pages (38/38)

> Export encountered errors on following paths:
	/(public)/events/page: /events
	/auth/login/page: /auth/login
	/auth/register/page: /auth/register
	/checkout/page: /checkout
